// Jest Snapshot v1, https://goo.gl/fbAQLP

exports[`Version preview matches stored snapshot 1`] = `
<div
  className="preview"
>
  <div
    className="preview__header grid grid--justify-center"
  >
    <div
      className="grid__col-6 margin-top--1 margin-bottom--1"
    >
      <form
        onSubmit={[Function]}
      >
        â—€ 
        <a
          onClick={[Function]}
          style={Object {}}
        >
          Back
        </a>
        <h2
          className="inline-block margin-left--1"
        >
          
        </h2>
        <button
          className="btn btn--primary btn--block margin-left--1"
          disabled={false}
        >
          Approve
        </button>
      </form>
    </div>
  </div>
  <iframe
    className="preview__iframe"
    id="iframe"
    src="///datasets/abc123/editions/2017/versions/2"
  />
</div>
`;
