// Jest Snapshot v1, https://goo.gl/fbAQLP

exports[`Version metadata page matches stored snapshot 1`] = `
<div
  className="grid grid--justify-center"
>
  <div
    className="grid__col-6"
  >
    <div
      className="margin-top--2"
    >
      â—€ 
      <a
        onClick={[Function]}
        style={Object {}}
      >
        Back
      </a>
    </div>
    <h1
      className="margin-top--1 margin-bottom--1"
    >
      New data
    </h1>
    <p>
      This information is specific to this new data and can be updated each time new data is added.
    </p>
    <div
      className="loader loader--dark"
    />
  </div>
</div>
`;
