// Jest Snapshot v1, https://goo.gl/fbAQLP

exports[`SelectableBoxController when active item is passed  matches snapshot 1`] = `
<div
  className="selectable-box"
>
  <h2
    className="selectable-box__heading"
  >
    Selectable box test - item selected
  </h2>
  <ul
    className="selectable-box__list"
  >
    <li
      className="selectable-box__item "
      id="1"
      onClick={[Function]}
    >
      Item 1
    </li>
    <li
      className="selectable-box__item "
      id="2"
      onClick={[Function]}
    >
      Item 2
    </li>
    <li
      className="selectable-box__item selected"
      id="3"
      onClick={[Function]}
    >
      Item 3
    </li>
  </ul>
</div>
`;

exports[`SelectableBoxController when items are passed  matches snapshot 1`] = `
<div
  className="selectable-box"
>
  <h2
    className="selectable-box__heading"
  >
    Selectable box test
  </h2>
  <ul
    className="selectable-box__list"
  >
    <li
      className="selectable-box__item "
      id="1"
      onClick={[Function]}
    >
      Item 1
    </li>
    <li
      className="selectable-box__item "
      id="2"
      onClick={[Function]}
    >
      Item 2
    </li>
    <li
      className="selectable-box__item "
      id="3"
      onClick={[Function]}
    >
      Item 3
    </li>
  </ul>
</div>
`;
