// Jest Snapshot v1, https://goo.gl/fbAQLP

exports[`UsersNotInTeam Given valid props on initial load matches snapshot 1`] = `
<div
  className="grid__col-4 margin-top--3"
>
  <div>
    <h2
      className="dynamic-list__title"
    >
      Add member to team
    </h2>
    <label
      className="visually-hidden"
      htmlFor="add-member-to-team-search-content-types"
    >
      Search viewers by name or email
    </label>
    <div
      className="form__input"
    >
      <label
        className="form__label"
        htmlFor="add-member-to-team-search-content-types"
      />
      
      <input
        autoComplete="new-password"
        autoFocus={false}
        className="input"
        disabled={false}
        id="add-member-to-team-search-content-types"
        name="add-member-to-team-search-content-types"
        onChange={[Function]}
        onFocus={[Function]}
        placeholder="Search viewers by name or email"
        type="text"
      />
      
    </div>
    <div
      aria-live="assertive"
    >
      No viewers found
    </div>
  </div>
</div>
`;
