// Jest Snapshot v1, https://goo.gl/fbAQLP

exports[`EditGroup matches the snapshot 1`] = `
<div
  className="form form-with-sticky-footer"
>
  <div
    className="grid grid--justify-space-around"
  >
    <div
      className="grid__col-11 grid__col-md-9"
    >
      <div
        className="margin-top--2"
      >
        ◀ 
        <a
          onClick={[Function]}
          role="link"
          style={Object {}}
        >
          Back
        </a>
      </div>
      <h1
        className="margin-top--1 margin-bottom--1"
      >
        Boo is fine
      </h1>
      <div
        className="grid grid--justify-space-between"
      >
        <div
          className="grid__col-md-6 margin-top--half"
        >
          <div
            className="form__input"
          >
            <label
              className="form__label"
              htmlFor="name"
            >
              Name
            </label>
            <input
              autoComplete="new-password"
              autoFocus={false}
              className="input"
              disabled={false}
              id="name"
              name="name"
              onChange={[Function]}
              onFocus={[Function]}
              type="text"
              value=""
            />
          </div>
          <div
            className="grid grid--align-center grid--align-self-center grid--full-height"
            data-testid="loader"
          >
            <div
              className="loader loader--large loader--dark"
            />
          </div>
          <div
            className="simple-table__scroll margin-bottom--1"
            data-testid="members"
          >
            <h2>
              Members
            </h2>
            <div
              className="chip__container chip__container--gap-10 "
            >
              <span
                className="chip"
              >
                <svg
                  aria-label="Person icon"
                  className="chip__icon"
                  fill="none"
                  role="img"
                  viewBox="0 0 15 15"
                  xmlns="http://www.w3.org/2000/svg"
                >
                  <path
                    d="M6.667 7.5a3.332 3.332 0 1 0 0-6.667 3.332 3.332 0 1 0 0 6.667Zm0 1.667C4.442 9.167 0 10.283 0 12.5v1.667h13.333V12.5c0-2.217-4.441-3.333-6.666-3.333Z"
                    fill="#707071"
                  />
                </svg>
                <span
                  className="chip__text"
                >
                  test user-199 (test.user-199@ons.gov.uk)
                </span>
                <span
                  className="chip__remove-container"
                >
                  <button
                    aria-label="remove"
                    className="chip__remove"
                    onClick={[Function]}
                  />
                </span>
              </span>
            </div>
          </div>
          <div
            id="0"
          />
        </div>
        <div
          className="grid__col-md-5"
        >
          <h2
            className="font-size--16"
          >
            Add member to team
          </h2>
          <div
            className="search__input-group margin-bottom--1"
          >
            <svg
              className="search__icon-magnifier"
              role="presentation"
              viewBox="0 0 28 28"
              xmlns="http://www.w3.org/2000/svg"
            >
              <path
                d="m20.011 16.352h-1.2647l-0.4482-0.4014c1.5689-1.6947 2.5134-3.8948 2.5134-6.2881 0-5.3368-4.6587-9.6627-10.406-9.6627-5.7472 0-10.406 4.3259-10.406 9.6627 0 5.3367 4.6587 9.6626 10.406 9.6626 2.5775 0 4.9469-0.877 6.7719-2.3339l0.4323 0.4163v1.1743l8.0045 7.418 2.3854-2.215-7.9886-7.4328zm-9.6055 0c-3.9862 0-7.2041-2.988-7.2041-6.6895s3.2178-6.6895 7.2041-6.6895c3.9863 0 7.2042 2.988 7.2042 6.6895s-3.2179 6.6895-7.2042 6.6895z"
                fill="#808080"
              />
            </svg>
            <label
              className="visually-hidden"
              htmlFor="search"
            >
              Search users by name or email
            </label>
            <input
              name="search"
              onChange={[Function]}
              placeholder="Search users by name"
              role="search"
              value=""
            />
          </div>
          <table
            className="simple-table simple-table__scroll"
            data-testid="users-table"
            role="table"
          >
            <tbody>
              <tr
                className="simple-table__row grid grid--align-center"
              >
                <td
                  className="grid__col-10"
                />
                <td
                  className="grid__col-2"
                >
                  <button
                    className="btn btn--info"
                    onClick={[Function]}
                  >
                    Add
                  </button>
                </td>
              </tr>
              <tr
                className="simple-table__row grid grid--align-center"
              >
                <td
                  className="grid__col-10"
                />
                <td
                  className="grid__col-2"
                >
                  <button
                    className="btn btn--info"
                    onClick={[Function]}
                  >
                    Add
                  </button>
                </td>
              </tr>
              <tr
                className="simple-table__row grid grid--align-center"
              >
                <td
                  className="grid__col-10"
                />
                <td
                  className="grid__col-2"
                >
                  <button
                    className="btn btn--info"
                    onClick={[Function]}
                  >
                    Add
                  </button>
                </td>
              </tr>
            </tbody>
          </table>
        </div>
      </div>
    </div>
    <div
      className="grid grid--justify-space-around padding-bottom--1 padding-top--1 form-footer"
      data-testid="form-footer"
    >
      <div
        className="grid__col-9"
      >
        <div
          className="grid grid--align-baseline"
        >
          <button
            className="btn btn--positive btn--margin-right"
            disabled={false}
            onClick={[Function]}
            type="submit"
          >
            Save changes
          </button>
          <a
            className="btn btn--invert-primary btn--margin-right"
            onClick={[Function]}
            role="button"
            style={Object {}}
          >
            Cancel
          </a>
          <span>
            <svg
              aria-label="warning icon"
              className="svg-icon--action-bar"
              focusable="false"
              role="img"
              viewBox="0 0 512 512"
              xmlns="http://www.w3.org/2000/svg"
            >
              <path
                d="M256,34.297L0,477.703h512L256,34.297z M256,422.05c-9.22,0-16.696-7.475-16.696-16.696s7.475-16.696,16.696-16.696 c9.22,0,16.696,7.475,16.696,16.696S265.22,422.05,256,422.05z M239.304,344.137V177.181h33.391v166.956H239.304z"
              />
            </svg>
             You have unsaved changes
          </span>
        </div>
      </div>
    </div>
  </div>
</div>
`;
