// Jest Snapshot v1, https://goo.gl/fbAQLP

exports[`Selectable table with values renders component with all values 1`] = `
<div
  className="selectable-table"
>
  <div
    className="selectable-table__heading"
  >
    <ul
      className="selectable-table__list"
    >
      <li
        className="selectable-table__list-item grid__col-6"
      >
        Title
      </li>
      <li
        className="selectable-table__list-item grid__col-6"
      >
        Submission Date
      </li>
    </ul>
  </div>
  <div>
    <details
      className=""
      onClick={[Function]}
      open={false}
    >
      <summary>
        <ul
          className="selectable-table__list"
        >
          <li
            className="selectable-table__list-item grid__col-6"
          >
            <strong>
              CPI
            </strong>
          </li>
          <li
            className="selectable-table__list-item grid__col-4"
          >
            17-10-2017
          </li>
          <li
            className="selectable-table__list-item grid__col-2"
          >
            <div
              className="selectable-table__accordion-closed"
            />
          </li>
        </ul>
      </summary>
      <div
        className="selectable-table__list"
      >
        <a
          href="/florence/datasets/12345/metadata"
        >
           Edit dataset details 
        </a>
        <ul>
          <li
            className="selectable-table__list-item grid__col-4"
          >
            Date
          </li>
          <li
            className="selectable-table__list-item grid__col-2"
          >
            Edition
          </li>
          <li
            className="selectable-table__list-item grid__col-2"
          >
            Version
          </li>
          <hr />
        </ul>
        <div>
          <ul>
            <li
              className="selectable-table__list-item grid__col-4"
            >
              
            </li>
            <li
              className="selectable-table__list-item grid__col-2"
            >
              2016
            </li>
            <li
              className="selectable-table__list-item grid__col-4"
            >
              -
            </li>
            <li
              className="selectable-table__list-item grid__col-2"
            >
              <a
                href="/florence/datasets/12345/instances/6789/metdata"
              >
                View
              </a>
            </li>
            <hr />
          </ul>
        </div>
      </div>
    </details>
    
  </div>
</div>
`;
