// Jest Snapshot v1, https://goo.gl/fbAQLP

exports[`Selectable table with values renders component with all values 1`] = `
<div
  className="selectable-table"
>
  <div
    className="selectable-table__heading"
  >
    Title
  </div>
  <details
    className="selectable-table__details"
  >
    <summary
      className="selectable-table__summary"
    >
      <div
        className="grid"
      >
        <div
          className="grid__col-6"
        >
          <strong>
            CPI
          </strong>
        </div>
        <div
          className="grid__col-6"
        >
          17-10-2017
        </div>
      </div>
    </summary>
    <div>
      <a
        className="inline-block margin-bottom--1"
        onClick={[Function]}
        style={Object {}}
      >
         Edit dataset details
      </a>
      <div>
        <p
          className="font-weight--400 grid__col-12"
        >
          New versions:
        </p>
        <div
          className="grid simple-table__heading"
        >
          <div
            className="grid__col-4"
          >
            Date
          </div>
          <div
            className="grid__col-2"
          >
            Edition
          </div>
          <div
            className="grid__col-2"
          >
            Version
          </div>
        </div>
        <div
          className="grid simple-table__row"
        >
          <div
            className="grid__col-4"
          >
            17:11:59 17/10/17
          </div>
          <div
            className="grid__col-2"
          >
            2016
          </div>
          <div
            className="grid__col-4"
          >
            -
          </div>
          <div
            className="grid__col-2"
          >
            <span>
              <a
                onClick={[Function]}
                style={Object {}}
              >
                View
              </a>
            </span>
          </div>
        </div>
      </div>
    </div>
  </details>
</div>
`;
